2026-09-19 15:53:56 | GET / | 200 OK | sent=341 bytes | elapsed=7 ms
2026-09-19 15:53:56 | GET /style.css | 200 OK | sent=234 bytes | elapsed=17 ms
2026-09-19 15:53:56 | GET /favicon.ico | 404 Not Found | sent=123 bytes | elapsed=0 ms
2026-09-21 15:43:29 | POST /echo | 200 ok | sent=2205 bytes | elapsed=0 ms
2026-09-21 15:43:29 | POST /echo | 200 ok | sent=2205 bytes | elapsed=2 ms
2026-09-21 15:43:29 | POST /echo | 200 ok | sent=2205 bytes | elapsed=1 ms
2026-09-21 15:43:29 | POST /echo | 200 ok | sent=2205 bytes | elapsed=2 ms
2026-09-21 15:43:29 | POST /echo | 200 ok | sent=2205 bytes | elapsed=2 ms
2026-09-21 15:43:29 | POST /echo | 200 ok | sent=2205 bytes | elapsed=2 ms
2026-09-21 15:43:29 | POST /echo | 200 ok | sent=2205 bytes | elapsed=2 ms
2026-09-21 15:43:29 | POST /echo | 200 ok | sent=2205 bytes | elapsed=1 ms
2026-09-21 15:43:29 | POST /echo | 200 ok | sent=2205 bytes | elapsed=1 ms
2026-09-21 15:43:29 | POST /echo | 200 ok | sent=2213 bytes | elapsed=2 ms
2026-09-21 15:43:29 | POST /echo | 200 ok | sent=2213 bytes | elapsed=1 ms
2026-09-21 15:43:29 | POST /echo | 200 ok | sent=2213 bytes | elapsed=2 ms
2026-09-21 15:43:29 | POST /echo | 200 ok | sent=2205 bytes | elapsed=4 ms
2026-09-21 15:43:29 | POST /echo | 200 ok | sent=2213 bytes | elapsed=2 ms
2026-09-21 15:43:29 | POST /echo | 200 ok | sent=2213 bytes | elapsed=1 ms
2026-09-21 15:43:29 | POST /echo | 200 ok | sent=2213 bytes | elapsed=2 ms
2026-09-21 15:43:29 | POST /echo | 200 ok | sent=2213 bytes | elapsed=1 ms
2026-09-21 15:43:29 | POST /echo | 200 ok | sent=2213 bytes | elapsed=2 ms
2026-09-21 15:43:29 | POST /echo | 200 ok | sent=2213 bytes | elapsed=1 ms
2026-09-21 15:43:29 | POST /echo | 200 ok | sent=2213 bytes | elapsed=1 ms
2026-09-21 15:43:29 | POST /echo | 200 ok | sent=2213 bytes | elapsed=1 ms
2026-09-21 15:43:29 | POST /echo | 200 ok | sent=2213 bytes | elapsed=2 ms
2026-09-21 15:43:29 | POST /echo | 200 ok | sent=2213 bytes | elapsed=2 ms
2026-09-21 15:43:29 | POST /echo | 200 ok | sent=2213 bytes | elapsed=2 ms
2026-09-21 15:43:29 | POST /echo | 200 ok | sent=2213 bytes | elapsed=1 ms
2026-09-21 15:43:29 | POST /echo | 200 ok | sent=2213 bytes | elapsed=2 ms
2026-09-21 15:43:29 | POST /echo | 200 ok | sent=2213 bytes | elapsed=1 ms
2026-09-21 15:43:29 | POST /echo | 200 ok | sent=2213 bytes | elapsed=1 ms
2026-09-21 15:43:29 | POST /echo | 200 ok | sent=2213 bytes | elapsed=1 ms
2026-09-21 15:43:29 | POST /echo | 200 ok | sent=2213 bytes | elapsed=1 ms
2026-09-21 15:43:29 | POST /echo | 200 ok | sent=2213 bytes | elapsed=1 ms
2026-09-21 15:43:29 | POST /echo | 200 ok | sent=2213 bytes | elapsed=0 ms
2026-09-21 15:43:29 | POST /echo | 200 ok | sent=2213 bytes | elapsed=1 ms
2026-09-21 15:43:29 | POST /echo | 200 ok | sent=2213 bytes | elapsed=1 ms
2026-09-21 15:43:29 | POST /echo | 200 ok | sent=2213 bytes | elapsed=2 ms
2026-09-21 15:43:29 | POST /echo | 200 ok | sent=2213 bytes | elapsed=3 ms
2026-09-21 15:43:29 | POST /echo | 200 ok | sent=2213 bytes | elapsed=2 ms
2026-09-21 15:43:29 | POST /echo | 200 ok | sent=2213 bytes | elapsed=3 ms
2026-09-21 15:43:29 | POST /echo | 200 ok | sent=2213 bytes | elapsed=1 ms
2026-09-21 15:43:29 | POST /echo | 200 ok | sent=2213 bytes | elapsed=0 ms
2026-09-21 15:43:29 | POST /echo | 200 ok | sent=2213 bytes | elapsed=2 ms
2026-09-21 15:43:29 | POST /echo | 200 ok | sent=2213 bytes | elapsed=1 ms
2026-09-21 15:43:29 | POST /echo | 200 ok | sent=2213 bytes | elapsed=1 ms
2026-09-21 15:43:29 | POST /echo | 200 ok | sent=2213 bytes | elapsed=1 ms
2026-09-21 15:43:29 | POST /echo | 200 ok | sent=2213 bytes | elapsed=1 ms
2026-09-21 15:43:29 | POST /echo | 200 ok | sent=2213 bytes | elapsed=1 ms
2026-09-21 15:43:29 | POST /echo | 200 ok | sent=2213 bytes | elapsed=1 ms
2026-09-21 15:43:29 | POST /echo | 200 ok | sent=2213 bytes | elapsed=0 ms
2026-09-21 15:43:29 | POST /echo | 200 ok | sent=2213 bytes | elapsed=2 ms
2026-09-21 15:43:29 | POST /echo | 200 ok | sent=2213 bytes | elapsed=1 ms
2026-09-21 15:43:29 | POST /echo | 200 ok | sent=2213 bytes | elapsed=1 ms
2026-09-21 15:43:29 | POST /echo | 200 ok | sent=2213 bytes | elapsed=1 ms
2026-09-21 15:43:29 | POST /echo | 200 ok | sent=2213 bytes | elapsed=2 ms
2026-09-21 15:43:29 | POST /echo | 200 ok | sent=2213 bytes | elapsed=1 ms
2026-09-21 15:43:29 | POST /echo | 200 ok | sent=2213 bytes | elapsed=2 ms
2026-09-21 15:43:29 | POST /echo | 200 ok | sent=2213 bytes | elapsed=1 ms
2026-09-21 15:43:29 | POST /echo | 200 ok | sent=2213 bytes | elapsed=3 ms
2026-09-21 15:43:29 | POST /echo | 200 ok | sent=2213 bytes | elapsed=1 ms
2026-09-21 15:43:29 | POST /echo | 200 ok | sent=2213 bytes | elapsed=2 ms
2026-09-21 15:43:29 | POST /echo | 200 ok | sent=2213 bytes | elapsed=1 ms
2026-09-21 15:43:29 | POST /echo | 200 ok | sent=2213 bytes | elapsed=1 ms
2026-09-21 15:43:29 | POST /echo | 200 ok | sent=2213 bytes | elapsed=1 ms
2026-09-21 15:43:29 | POST /echo | 200 ok | sent=2213 bytes | elapsed=1 ms
2026-09-21 15:43:29 | POST /echo | 200 ok | sent=2213 bytes | elapsed=1 ms
2026-09-21 15:43:29 | POST /echo | 200 ok | sent=2213 bytes | elapsed=3 ms
2026-09-21 15:43:29 | POST /echo | 200 ok | sent=2213 bytes | elapsed=1 ms
2026-09-21 15:43:29 | POST /echo | 200 ok | sent=2213 bytes | elapsed=2 ms
2026-09-21 15:43:29 | POST /echo | 200 ok | sent=2213 bytes | elapsed=1 ms
2026-09-21 15:43:29 | POST /echo | 200 ok | sent=2213 bytes | elapsed=1 ms
2026-09-21 15:43:29 | POST /echo | 200 ok | sent=2213 bytes | elapsed=2 ms
2026-09-21 15:43:29 | POST /echo | 200 ok | sent=2213 bytes | elapsed=1 ms
2026-09-21 15:43:29 | POST /echo | 200 ok | sent=2213 bytes | elapsed=2 ms
2026-09-21 15:43:29 | POST /echo | 200 ok | sent=2213 bytes | elapsed=1 ms
2026-09-21 15:43:29 | POST /echo | 200 ok | sent=2213 bytes | elapsed=2 ms
2026-09-21 15:43:29 | POST /echo | 200 ok | sent=2213 bytes | elapsed=1 ms
2026-09-21 15:43:29 | POST /echo | 200 ok | sent=2213 bytes | elapsed=1 ms
2026-09-21 15:43:29 | POST /echo | 200 ok | sent=2213 bytes | elapsed=2 ms
2026-09-21 15:43:29 | POST /echo | 200 ok | sent=2213 bytes | elapsed=2 ms
2026-09-21 15:43:29 | POST /echo | 200 ok | sent=2213 bytes | elapsed=1 ms
2026-09-21 15:43:29 | POST /echo | 200 ok | sent=2213 bytes | elapsed=2 ms
2026-09-21 15:43:29 | POST /echo | 200 ok | sent=2213 bytes | elapsed=1 ms
2026-09-21 15:43:29 | POST /echo | 200 ok | sent=2213 bytes | elapsed=1 ms
2026-09-21 15:43:29 | POST /echo | 200 ok | sent=2213 bytes | elapsed=1 ms
2026-09-21 15:43:29 | POST /echo | 200 ok | sent=2213 bytes | elapsed=2 ms
2026-09-21 15:43:29 | POST /echo | 200 ok | sent=2213 bytes | elapsed=2 ms
2026-09-21 15:43:29 | POST /echo | 200 ok | sent=2213 bytes | elapsed=1 ms
2026-09-21 15:43:29 | POST /echo | 200 ok | sent=2213 bytes | elapsed=3 ms
2026-09-21 15:43:29 | POST /echo | 200 ok | sent=2213 bytes | elapsed=2 ms
2026-09-21 15:43:29 | POST /echo | 200 ok | sent=2213 bytes | elapsed=1 ms
2026-09-21 15:43:29 | POST /echo | 200 ok | sent=2213 bytes | elapsed=1 ms
2026-09-21 15:43:29 | POST /echo | 200 ok | sent=2213 bytes | elapsed=1 ms
2026-09-21 15:43:29 | POST /echo | 200 ok | sent=2213 bytes | elapsed=1 ms
2026-09-21 15:43:29 | POST /echo | 200 ok | sent=2213 bytes | elapsed=1 ms
2026-09-21 15:43:29 | POST /echo | 200 ok | sent=2213 bytes | elapsed=2 ms
2026-09-21 15:43:29 | POST /echo | 200 ok | sent=2213 bytes | elapsed=1 ms
2026-09-21 15:43:29 | POST /echo | 200 ok | sent=2213 bytes | elapsed=1 ms
2026-09-21 15:43:29 | POST /echo | 200 ok | sent=2213 bytes | elapsed=1 ms
2026-09-21 15:43:29 | POST /echo | 200 ok | sent=2213 bytes | elapsed=1 ms
2026-09-21 15:43:29 | POST /echo | 200 ok | sent=2213 bytes | elapsed=1 ms
2026-09-21 15:43:29 | POST /echo | 200 ok | sent=2213 bytes | elapsed=1 ms
2026-09-21 15:43:29 | POST /echo | 200 ok | sent=103 bytes | elapsed=200 ms
2026-09-21 15:43:29 | GET / | 200 OK | sent=341 bytes | elapsed=0 ms
2026-09-21 16:28:56 | POST /echo | 200 ok | sent=2205 bytes | elapsed=0 ms
2026-09-21 16:28:56 | POST /echo | 200 ok | sent=2205 bytes | elapsed=1 ms
2026-09-21 16:28:56 | POST /echo | 200 ok | sent=2205 bytes | elapsed=0 ms
2026-09-21 16:28:56 | POST /echo | 200 ok | sent=2205 bytes | elapsed=1 ms
2026-09-21 16:28:56 | POST /echo | 200 ok | sent=2205 bytes | elapsed=1 ms
2026-09-21 16:28:56 | POST /echo | 200 ok | sent=2205 bytes | elapsed=0 ms
2026-09-21 16:28:56 | POST /echo | 200 ok | sent=2205 bytes | elapsed=3 ms
2026-09-21 16:28:56 | POST /echo | 200 ok | sent=2205 bytes | elapsed=2 ms
2026-09-21 16:28:56 | POST /echo | 200 ok | sent=2205 bytes | elapsed=4 ms
2026-09-21 16:28:56 | POST /echo | 200 ok | sent=2205 bytes | elapsed=2 ms
2026-09-21 16:28:56 | POST /echo | 200 ok | sent=2213 bytes | elapsed=1 ms
2026-09-21 16:28:56 | POST /echo | 200 ok | sent=2213 bytes | elapsed=4 ms
2026-09-21 16:28:56 | POST /echo | 200 ok | sent=2213 bytes | elapsed=2 ms
2026-09-21 16:28:56 | POST /echo | 200 ok | sent=2213 bytes | elapsed=1 ms
2026-09-21 16:28:56 | POST /echo | 200 ok | sent=2213 bytes | elapsed=2 ms
2026-09-21 16:28:56 | POST /echo | 200 ok | sent=2213 bytes | elapsed=1 ms
2026-09-21 16:28:56 | POST /echo | 200 ok | sent=2213 bytes | elapsed=2 ms
2026-09-21 16:28:56 | POST /echo | 200 ok | sent=2213 bytes | elapsed=1 ms
2026-09-21 16:28:56 | POST /echo | 200 ok | sent=2213 bytes | elapsed=1 ms
2026-09-21 16:28:56 | POST /echo | 200 ok | sent=2213 bytes | elapsed=1 ms
2026-09-21 16:28:56 | POST /echo | 200 ok | sent=2213 bytes | elapsed=2 ms
2026-09-21 16:28:56 | POST /echo | 200 ok | sent=2213 bytes | elapsed=3 ms
2026-09-21 16:28:56 | POST /echo | 200 ok | sent=2213 bytes | elapsed=1 ms
2026-09-21 16:28:56 | POST /echo | 200 ok | sent=2213 bytes | elapsed=1 ms
2026-09-21 16:28:56 | POST /echo | 200 ok | sent=2213 bytes | elapsed=1 ms
2026-09-21 16:28:56 | POST /echo | 200 ok | sent=2213 bytes | elapsed=2 ms
2026-09-21 16:28:56 | POST /echo | 200 ok | sent=2213 bytes | elapsed=2 ms
2026-09-21 16:28:56 | POST /echo | 200 ok | sent=2213 bytes | elapsed=2 ms
2026-09-21 16:28:56 | POST /echo | 200 ok | sent=2213 bytes | elapsed=1 ms
2026-09-21 16:28:56 | POST /echo | 200 ok | sent=2213 bytes | elapsed=1 ms
2026-09-21 16:28:56 | POST /echo | 200 ok | sent=2213 bytes | elapsed=2 ms
2026-09-21 16:28:56 | POST /echo | 200 ok | sent=2213 bytes | elapsed=1 ms
2026-09-21 16:28:56 | POST /echo | 200 ok | sent=2213 bytes | elapsed=1 ms
2026-09-21 16:28:56 | POST /echo | 200 ok | sent=2213 bytes | elapsed=2 ms
2026-09-21 16:28:56 | POST /echo | 200 ok | sent=2213 bytes | elapsed=1 ms
2026-09-21 16:28:56 | POST /echo | 200 ok | sent=2213 bytes | elapsed=2 ms
2026-09-21 16:28:56 | POST /echo | 200 ok | sent=2213 bytes | elapsed=1 ms
2026-09-21 16:28:56 | POST /echo | 200 ok | sent=2213 bytes | elapsed=2 ms
2026-09-21 16:28:56 | POST /echo | 200 ok | sent=2213 bytes | elapsed=2 ms
2026-09-21 16:28:56 | POST /echo | 200 ok | sent=2213 bytes | elapsed=1 ms
2026-09-21 16:28:56 | POST /echo | 200 ok | sent=2213 bytes | elapsed=1 ms
2026-09-21 16:28:56 | POST /echo | 200 ok | sent=2213 bytes | elapsed=2 ms
2026-09-21 16:28:56 | POST /echo | 200 ok | sent=2213 bytes | elapsed=1 ms
2026-09-21 16:28:56 | POST /echo | 200 ok | sent=2213 bytes | elapsed=2 ms
2026-09-21 16:28:56 | POST /echo | 200 ok | sent=2213 bytes | elapsed=2 ms
2026-09-21 16:28:56 | POST /echo | 200 ok | sent=2213 bytes | elapsed=1 ms
2026-09-21 16:28:56 | POST /echo | 200 ok | sent=2213 bytes | elapsed=1 ms
2026-09-21 16:28:56 | POST /echo | 200 ok | sent=2213 bytes | elapsed=2 ms
2026-09-21 16:28:56 | POST /echo | 200 ok | sent=2213 bytes | elapsed=2 ms
2026-09-21 16:28:56 | POST /echo | 200 ok | sent=2213 bytes | elapsed=1 ms
2026-09-21 16:28:56 | POST /echo | 200 ok | sent=2213 bytes | elapsed=0 ms
2026-09-21 16:28:56 | POST /echo | 200 ok | sent=2213 bytes | elapsed=2 ms
2026-09-21 16:28:56 | POST /echo | 200 ok | sent=2213 bytes | elapsed=1 ms
2026-09-21 16:28:56 | POST /echo | 200 ok | sent=2213 bytes | elapsed=3 ms
2026-09-21 16:28:56 | POST /echo | 200 ok | sent=2213 bytes | elapsed=1 ms
2026-09-21 16:28:56 | POST /echo | 200 ok | sent=2213 bytes | elapsed=3 ms
2026-09-21 16:28:56 | POST /echo | 200 ok | sent=2213 bytes | elapsed=2 ms
2026-09-21 16:28:56 | POST /echo | 200 ok | sent=2213 bytes | elapsed=1 ms
2026-09-21 16:28:56 | POST /echo | 200 ok | sent=2213 bytes | elapsed=2 ms
2026-09-21 16:28:56 | POST /echo | 200 ok | sent=2213 bytes | elapsed=1 ms
2026-09-21 16:28:56 | POST /echo | 200 ok | sent=2213 bytes | elapsed=1 ms
2026-09-21 16:28:56 | POST /echo | 200 ok | sent=2213 bytes | elapsed=2 ms
2026-09-21 16:28:56 | POST /echo | 200 ok | sent=2213 bytes | elapsed=1 ms
2026-09-21 16:28:56 | POST /echo | 200 ok | sent=2213 bytes | elapsed=2 ms
2026-09-21 16:28:56 | POST /echo | 200 ok | sent=2213 bytes | elapsed=1 ms
2026-09-21 16:28:56 | POST /echo | 200 ok | sent=2213 bytes | elapsed=2 ms
2026-09-21 16:28:56 | POST /echo | 200 ok | sent=2213 bytes | elapsed=1 ms
2026-09-21 16:28:56 | POST /echo | 200 ok | sent=2213 bytes | elapsed=1 ms
2026-09-21 16:28:56 | POST /echo | 200 ok | sent=2213 bytes | elapsed=2 ms
2026-09-21 16:28:56 | POST /echo | 200 ok | sent=2213 bytes | elapsed=2 ms
2026-09-21 16:28:56 | POST /echo | 200 ok | sent=2213 bytes | elapsed=1 ms
2026-09-21 16:28:56 | POST /echo | 200 ok | sent=2213 bytes | elapsed=3 ms
2026-09-21 16:28:56 | POST /echo | 200 ok | sent=2213 bytes | elapsed=1 ms
2026-09-21 16:28:56 | POST /echo | 200 ok | sent=2213 bytes | elapsed=2 ms
2026-09-21 16:28:56 | POST /echo | 200 ok | sent=2213 bytes | elapsed=2 ms
2026-09-21 16:28:56 | POST /echo | 200 ok | sent=2213 bytes | elapsed=1 ms
2026-09-21 16:28:56 | POST /echo | 200 ok | sent=2213 bytes | elapsed=0 ms
2026-09-21 16:28:56 | POST /echo | 200 ok | sent=2213 bytes | elapsed=1 ms
2026-09-21 16:28:56 | POST /echo | 200 ok | sent=2213 bytes | elapsed=1 ms
2026-09-21 16:28:56 | POST /echo | 200 ok | sent=2213 bytes | elapsed=1 ms
2026-09-21 16:28:56 | POST /echo | 200 ok | sent=2213 bytes | elapsed=2 ms
2026-09-21 16:28:56 | POST /echo | 200 ok | sent=2213 bytes | elapsed=4 ms
2026-09-21 16:28:56 | POST /echo | 200 ok | sent=2213 bytes | elapsed=2 ms
2026-09-21 16:28:56 | POST /echo | 200 ok | sent=2213 bytes | elapsed=1 ms
2026-09-21 16:28:56 | POST /echo | 200 ok | sent=2213 bytes | elapsed=1 ms
2026-09-21 16:28:56 | POST /echo | 200 ok | sent=2213 bytes | elapsed=3 ms
2026-09-21 16:28:56 | POST /echo | 200 ok | sent=2213 bytes | elapsed=2 ms
2026-09-21 16:28:56 | POST /echo | 200 ok | sent=2213 bytes | elapsed=1 ms
2026-09-21 16:28:56 | POST /echo | 200 ok | sent=2213 bytes | elapsed=3 ms
2026-09-21 16:28:56 | POST /echo | 200 ok | sent=2213 bytes | elapsed=2 ms
2026-09-21 16:28:56 | POST /echo | 200 ok | sent=2213 bytes | elapsed=1 ms
2026-09-21 16:28:56 | POST /echo | 200 ok | sent=2213 bytes | elapsed=1 ms
2026-09-21 16:28:56 | POST /echo | 200 ok | sent=2213 bytes | elapsed=2 ms
2026-09-21 16:28:56 | POST /echo | 200 ok | sent=2213 bytes | elapsed=1 ms
2026-09-21 16:28:56 | POST /echo | 200 ok | sent=2213 bytes | elapsed=1 ms
2026-09-21 16:28:56 | POST /echo | 200 ok | sent=2213 bytes | elapsed=2 ms
2026-09-21 16:28:56 | POST /echo | 200 ok | sent=2213 bytes | elapsed=2 ms
2026-09-21 16:28:56 | POST /echo | 200 ok | sent=2213 bytes | elapsed=0 ms
2026-09-21 16:28:56 | POST /echo | 200 ok | sent=2213 bytes | elapsed=0 ms
2026-09-21 16:28:56 | POST /echo | 200 ok | sent=2213 bytes | elapsed=2 ms
2026-09-21 16:28:56 | POST /echo | 200 ok | sent=103 bytes | elapsed=200 ms
2026-09-21 16:28:56 | GET / | 200 ok | sent=341 bytes | elapsed=0 ms
2026-09-21 16:28:56 | HEAD / | 200 ok | sent=99 bytes | elapsed=0 ms
2026-09-21 16:28:56 | GET /style.css | 200 ok | sent=234 bytes | elapsed=0 ms
2026-09-21 16:28:56 | HEAD /style.css | 200 ok | sent=98 bytes | elapsed=0 ms
2026-09-21 16:28:56 | GET /not-found | 404 Not Found | sent=123 bytes | elapsed=0 ms
2026-09-21 17:09:07 | GET / | 200 ok | sent=619 bytes | elapsed=2 ms
2026-09-21 17:09:07 | GET /app.js | 200 ok | sent=1210 bytes | elapsed=6 ms
2026-09-21 17:09:07 | GET /style.css | 200 ok | sent=234 bytes | elapsed=6 ms
2026-09-21 17:09:07 | GET /favicon.ico | 404 Not Found | sent=123 bytes | elapsed=0 ms
2026-09-21 17:09:19 | POST /echo | 200 ok | sent=124 bytes | elapsed=0 ms
2026-09-21 17:10:23 | GET / | 200 ok | sent=619 bytes | elapsed=2 ms
2026-09-21 17:10:23 | GET /style.css | 200 ok | sent=234 bytes | elapsed=5 ms
2026-09-21 17:10:23 | GET /app.js | 200 ok | sent=1210 bytes | elapsed=5 ms
2026-09-22 16:33:49 | - - | 408 Request Timeout | sent=139 bytes | elapsed=10999 ms
2026-09-22 16:33:49 | GET / | 200 ok | sent=619 bytes | elapsed=0 ms
